// Jest Snapshot v1, https://goo.gl/fbAQLP

exports[`ProfileContainer renders correctly 1`] = `
<View>
  <Text
    accessible={true}
    allowFontScaling={true}
    ellipsizeMode="tail"
    style={
      Array [
        Object {
          "color": "rgb(101,114,122)",
          "fontSize": 20,
          "fontWeight": "bold",
          "textAlign": "center",
        },
        undefined,
      ]
    }
  >
    Profile
  </Text>
  <Text
    accessible={true}
    allowFontScaling={true}
    ellipsizeMode="tail"
    style={
      Array [
        Object {
          "color": "rgb(89,85,78)",
          "fontSize": 18,
          "textAlign": "center",
          "width": "100%",
        },
        undefined,
      ]
    }
  />
  <View>
    <View
      accessibilityComponentType={undefined}
      accessibilityLabel={undefined}
      accessibilityTraits={undefined}
      accessible={true}
      hitSlop={undefined}
      isTVSelectable={true}
      onLayout={undefined}
      onResponderGrant={[Function]}
      onResponderMove={[Function]}
      onResponderRelease={[Function]}
      onResponderTerminate={[Function]}
      onResponderTerminationRequest={[Function]}
      onStartShouldSetResponder={[Function]}
      style={
        Object {
          "alignSelf": "stretch",
          "backgroundColor": "rgb(230,232,227)",
          "borderColor": "rgb(101,114,122)",
          "borderRadius": 5,
          "borderWidth": 1,
          "height": 40,
          "marginBottom": 15,
          "marginLeft": 5,
          "marginRight": 5,
          "marginTop": 5,
          "opacity": 1,
        }
      }
      testID={undefined}
      tvParallaxProperties={undefined}
    >
      <Text
        accessible={true}
        allowFontScaling={true}
        ellipsizeMode="tail"
        style={
          Object {
            "alignSelf": "center",
            "color": "rgb(101,114,122)",
            "fontSize": 16,
            "fontWeight": "600",
            "paddingBottom": 10,
            "paddingTop": 10,
          }
        }
      >
        Markers
      </Text>
    </View>
    <View
      accessibilityComponentType={undefined}
      accessibilityLabel={undefined}
      accessibilityTraits={undefined}
      accessible={true}
      hitSlop={undefined}
      isTVSelectable={true}
      onLayout={undefined}
      onResponderGrant={[Function]}
      onResponderMove={[Function]}
      onResponderRelease={[Function]}
      onResponderTerminate={[Function]}
      onResponderTerminationRequest={[Function]}
      onStartShouldSetResponder={[Function]}
      style={
        Object {
          "alignSelf": "stretch",
          "backgroundColor": "rgb(230,232,227)",
          "borderColor": "rgb(101,114,122)",
          "borderRadius": 5,
          "borderWidth": 1,
          "height": 40,
          "marginBottom": 15,
          "marginLeft": 5,
          "marginRight": 5,
          "marginTop": 5,
          "opacity": 1,
        }
      }
      testID={undefined}
      tvParallaxProperties={undefined}
    >
      <Text
        accessible={true}
        allowFontScaling={true}
        ellipsizeMode="tail"
        style={
          Object {
            "alignSelf": "center",
            "color": "rgb(101,114,122)",
            "fontSize": 16,
            "fontWeight": "600",
            "paddingBottom": 10,
            "paddingTop": 10,
          }
        }
      >
        Routes
      </Text>
    </View>
  </View>
  <View
    accessibilityComponentType={undefined}
    accessibilityLabel={undefined}
    accessibilityTraits={undefined}
    accessible={true}
    hitSlop={undefined}
    isTVSelectable={true}
    onLayout={undefined}
    onResponderGrant={[Function]}
    onResponderMove={[Function]}
    onResponderRelease={[Function]}
    onResponderTerminate={[Function]}
    onResponderTerminationRequest={[Function]}
    onStartShouldSetResponder={[Function]}
    style={
      Object {
        "alignSelf": "stretch",
        "backgroundColor": "rgb(230,232,227)",
        "borderColor": "rgb(101,114,122)",
        "borderRadius": 5,
        "borderWidth": 1,
        "height": 40,
        "marginBottom": 15,
        "marginLeft": 5,
        "marginRight": 5,
        "marginTop": 5,
        "opacity": 1,
      }
    }
    testID={undefined}
    tvParallaxProperties={undefined}
  >
    <Text
      accessible={true}
      allowFontScaling={true}
      ellipsizeMode="tail"
      style={
        Object {
          "alignSelf": "center",
          "color": "rgb(101,114,122)",
          "fontSize": 16,
          "fontWeight": "600",
          "paddingBottom": 10,
          "paddingTop": 10,
        }
      }
    >
      Signout
    </Text>
  </View>
</View>
`;
