// Jest Snapshot v1, https://goo.gl/fbAQLP

exports[`BottomSheetComponent renders correctly 1`] = `
<View
  style={
    Object {
      "bottom": 0,
      "flex": 1,
      "left": 0,
      "position": "absolute",
      "right": 0,
      "top": 0,
    }
  }
>
  <View
    pointerEvents="none"
    style={
      Object {
        "backgroundColor": "black",
        "bottom": 0,
        "flex": 1,
        "left": 0,
        "opacity": 0,
        "position": "absolute",
        "right": 0,
        "top": 0,
      }
    }
  />
  <InteractableView
    animatedValueX={undefined}
    animatedValueY={undefined}
    boundaries={
      Object {
        "top": 300,
      }
    }
    dragToss={0.1}
    initialPosition={
      Object {
        "y": 1259,
      }
    }
    onAnimatedEvent={[Function]}
    reportOnAnimatedEvents={true}
    snapPoints={
      Array [
        Object {
          "y": 1039,
        },
        Object {
          "y": 1259,
        },
      ]
    }
    verticalOnly={true}
  >
    <View
      style={
        Object {
          "height": 1259,
          "width": 750,
        }
      }
    >
      <View
        style={
          Object {
            "alignItems": "center",
            "height": 20,
            "position": "relative",
          }
        }
      >
        <View
          style={
            Object {
              "backgroundColor": "rgb(112,112,112)",
              "borderRadius": 4,
              "height": 8,
              "position": "absolute",
              "top": 30,
              "width": 40,
              "zIndex": 1,
            }
          }
        />
      </View>
      <View
        style={
          Object {
            "backgroundColor": "rgb(243,244,229)",
            "borderTopLeftRadius": 20,
            "borderTopRightRadius": 20,
            "height": 1259,
            "paddingTop": 20,
            "shadowColor": "#000000",
            "shadowOffset": Object {
              "height": 0,
              "width": 0,
            },
            "shadowOpacity": 0.4,
            "shadowRadius": 5,
            "width": "100%",
          }
        }
      >
        <View />
      </View>
    </View>
  </InteractableView>
</View>
`;
