// Jest Snapshot v1, https://goo.gl/fbAQLP

exports[`CheckBoxList renders correctly 1`] = `
<RCTScrollView
  dataSource={
    ListViewDataSource {
      "items": 1,
    }
  }
  enableEmptySections={true}
  renderRow={[Function]}
  renderScrollComponent={[Function]}
  style={undefined}
>
  <View>
    <View
      accessibilityComponentType={undefined}
      accessibilityLabel={undefined}
      accessibilityTraits={undefined}
      accessible={true}
      hitSlop={undefined}
      isTVSelectable={true}
      onLayout={undefined}
      onResponderGrant={[Function]}
      onResponderMove={[Function]}
      onResponderRelease={[Function]}
      onResponderTerminate={[Function]}
      onResponderTerminationRequest={[Function]}
      onStartShouldSetResponder={[Function]}
      style={
        Object {
          "backgroundColor": "rgb(226,227,217)",
          "borderColor": "#ededed",
          "borderRadius": 3,
          "borderWidth": 1,
          "margin": 5,
          "marginLeft": 10,
          "marginRight": 10,
          "opacity": 1,
          "padding": 10,
        }
      }
      testID={undefined}
      tvParallaxProperties={undefined}
    >
      <View
        style={
          Array [
            Object {
              "alignItems": "center",
              "flexDirection": "row",
            },
            false,
            false,
          ]
        }
      >
        <Text
          accessible={true}
          allowFontScaling={false}
          ellipsizeMode="tail"
          onLongPress={undefined}
          onPress={undefined}
          style={
            Array [
              Object {
                "color": "#bfbfbf",
                "fontSize": 24,
              },
              undefined,
              Object {
                "fontFamily": "FontAwesome",
                "fontStyle": "normal",
                "fontWeight": "normal",
              },
            ]
          }
        >
          ï‚–
        </Text>
        <Text
          accessible={true}
          allowFontScaling={true}
          ellipsizeMode="tail"
          style={
            Array [
              Object {},
              undefined,
              undefined,
              undefined,
              undefined,
              undefined,
              undefined,
              undefined,
              undefined,
              undefined,
              Array [
                Object {
                  "color": "#43484d",
                  "fontWeight": "bold",
                  "marginLeft": 10,
                  "marginRight": 10,
                },
                Array [
                  Object {
                    "color": "rgb(89,85,78)",
                  },
                  undefined,
                ],
                undefined,
              ],
            ]
          }
        >
          Show violent content
        </Text>
      </View>
    </View>
  </View>
</RCTScrollView>
`;
