// Jest Snapshot v1, https://goo.gl/fbAQLP

exports[`MarkerView renders correctly 1`] = `
<View>
  <MapView
    initialRegion={
      Object {
        "latitude": 1,
        "latitudeDelta": 1,
        "longitude": 1,
        "longitudeDelta": 1,
      }
    }
    style={
      Object {
        "height": 300,
        "marginBottom": 30,
        "width": "100%",
      }
    }
  >
    <Marker
      coordinate={
        Object {
          "latitude": 1,
          "latitudeDelta": 1,
          "longitude": 1,
          "longitudeDelta": 1,
        }
      }
    />
  </MapView>
  <Text
    accessible={true}
    allowFontScaling={true}
    ellipsizeMode="tail"
    style={
      Array [
        Object {
          "color": "rgb(101,114,122)",
          "fontSize": 20,
          "fontWeight": "bold",
          "textAlign": "center",
        },
        undefined,
      ]
    }
  >
    
  </Text>
  <Text
    accessible={true}
    allowFontScaling={true}
    ellipsizeMode="tail"
    style={
      Array [
        Object {
          "color": "rgb(89,85,78)",
          "fontSize": 18,
          "textAlign": "center",
          "width": "100%",
        },
        undefined,
      ]
    }
  >
    Accepted
  </Text>
  <Text
    accessible={true}
    allowFontScaling={true}
    ellipsizeMode="tail"
    style={
      Array [
        Object {
          "color": "rgb(89,85,78)",
          "fontSize": 18,
          "margin": 10,
        },
        undefined,
      ]
    }
  >
    
  </Text>
  <View
    onLayout={[Function]}
    style={
      Array [
        Array [
          Object {
            "height": "100%",
            "width": "100%",
          },
          Object {
            "height": 300,
            "marginTop": 30,
            "width": "100%",
          },
        ],
        Object {
          "flex": 1,
        },
      ]
    }
  >
    <RCTScrollView
      automaticallyAdjustContentInsets={false}
      bounces={false}
      horizontal={true}
      onLayout={[Function]}
      onMomentumScrollEnd={[Function]}
      pagingEnabled={true}
      removeClippedSubviews={true}
      showsHorizontalScrollIndicator={false}
      showsVerticalScrollIndicator={false}
    >
      <View />
    </RCTScrollView>
    <View
      pointerEvents="box-none"
      style={
        Array [
          Object {
            "bottom": 0,
            "flexDirection": "row",
            "flexWrap": "wrap",
            "height": 32,
            "justifyContent": "center",
            "left": 0,
            "position": "absolute",
            "right": 0,
          },
          undefined,
        ]
      }
    />
  </View>
</View>
`;
