// Jest Snapshot v1, https://goo.gl/fbAQLP

exports[`RouteViewComponent renders correctly 1`] = `
<View>
  <View
    style={
      Object {
        "height": 300,
        "marginBottom": 20,
        "width": "100%",
      }
    }
  >
    <MapView
      initialRegion={
        Object {
          "latitude": 1,
          "latitudeDelta": 1,
          "longitude": 1,
          "longitudeDelta": 1,
        }
      }
      style={
        Object {
          "height": "100%",
          "width": "100%",
        }
      }
    >
      <Marker
        coordinate={
          Object {
            "latitude": 1,
            "longitude": 1,
          }
        }
      />
      <Polyline
        coordinates={
          Array [
            Object {
              "latitude": 1,
              "longitude": 1,
            },
          ]
        }
      />
    </MapView>
  </View>
  <Text
    accessible={true}
    allowFontScaling={true}
    ellipsizeMode="tail"
    style={
      Array [
        Object {
          "color": "rgb(101,114,122)",
          "fontSize": 20,
          "fontWeight": "bold",
          "textAlign": "center",
        },
        undefined,
      ]
    }
  />
  <Text
    accessible={true}
    allowFontScaling={true}
    ellipsizeMode="tail"
    style={
      Array [
        Object {
          "color": "rgb(89,85,78)",
          "fontSize": 18,
          "margin": 10,
        },
        undefined,
      ]
    }
  />
  <View
    style={
      Array [
        Object {
          "backgroundColor": "#e1e8ee",
          "height": 1,
        },
        Array [
          Object {
            "backgroundColor": "rgb(112,112,112)",
            "height": 1,
            "margin": 3,
            "marginLeft": 10,
            "marginRight": 10,
          },
          undefined,
        ],
      ]
    }
  />
  <RCTScrollView
    dataSource={
      ListViewDataSource {
        "items": 1,
      }
    }
    enableEmptySections={true}
    renderRow={[Function]}
    renderScrollComponent={[Function]}
  >
    <View>
      <View
        accessibilityComponentType={undefined}
        accessibilityLabel={undefined}
        accessibilityTraits={undefined}
        accessible={true}
        hitSlop={undefined}
        onLayout={undefined}
        onResponderGrant={[Function]}
        onResponderMove={[Function]}
        onResponderRelease={[Function]}
        onResponderTerminate={[Function]}
        onResponderTerminationRequest={[Function]}
        onStartShouldSetResponder={[Function]}
        style={
          Array [
            Object {
              "backgroundColor": "rgb(226,227,217)",
              "borderBottomWidth": 0,
              "borderColor": "#ddd",
              "borderRadius": 2,
              "borderWidth": 1,
              "elevation": 1,
              "marginLeft": 5,
              "marginTop": 10,
              "shadowColor": "#000",
              "shadowOffset": Object {
                "height": 2,
                "width": 0,
              },
              "shadowOpacity": 0.1,
              "shadowRadius": 2,
            },
            Array [
              Object {
                "height": 200,
                "marginLeft": 0,
                "width": "100%",
              },
              Object {
                "width": 740,
              },
              Object {
                "alignSelf": "center",
                "width": "95%",
              },
            ],
          ]
        }
        testID={undefined}
      >
        <View
          style={
            Array [
              Object {
                "borderBottomWidth": 1,
                "borderColor": "rgb(112,112,112)",
                "flexDirection": "row",
                "justifyContent": "flex-start",
                "padding": 5,
                "position": "relative",
              },
              Object {
                "alignItems": "center",
                "justifyContent": "center",
                "overflow": "scroll",
                "width": "100%",
              },
            ]
          }
        >
          <Text
            accessible={true}
            allowFontScaling={true}
            ellipsizeMode="tail"
            style={
              Array [
                Object {
                  "color": "rgb(101,114,122)",
                  "fontSize": 20,
                  "fontWeight": "bold",
                  "textAlign": "center",
                },
                Object {
                  "marginTop": 10,
                },
              ]
            }
          />
        </View>
        <Text
          accessible={true}
          allowFontScaling={true}
          ellipsizeMode="tail"
          style={
            Array [
              Object {
                "color": "rgb(89,85,78)",
                "fontSize": 18,
                "margin": 10,
              },
              undefined,
            ]
          }
        />
      </View>
    </View>
  </RCTScrollView>
</View>
`;
