// Jest Snapshot v1, https://goo.gl/fbAQLP

exports[`RouteMap renders correctly 1`] = `
<MapView
  initialRegion={
    Object {
      "latitude": 1,
      "latitudeDelta": 1,
      "longitude": 1,
      "longitudeDelta": 1,
    }
  }
  style={undefined}
>
  <Marker
    coordinate={
      Object {
        "latitude": 1,
        "longitude": 1,
      }
    }
  />
  <Polyline
    coordinates={
      Array [
        Object {
          "latitude": 1,
          "longitude": 1,
        },
      ]
    }
  />
</MapView>
`;
