// Jest Snapshot v1, https://goo.gl/fbAQLP

exports[`AddMarker renders correctly 1`] = `
<View
  style={
    Object {
      "backgroundColor": "rgb(243,244,229)",
      "flex": 1,
    }
  }
>
  <View
    style={
      Object {
        "backgroundColor": "rgb(226,227,217)",
        "height": 50,
        "justifyContent": "center",
      }
    }
  >
    <View
      accessibilityComponentType={undefined}
      accessibilityLabel={undefined}
      accessibilityTraits={undefined}
      accessible={true}
      hasTVPreferredFocus={undefined}
      hitSlop={undefined}
      isTVSelectable={true}
      onLayout={undefined}
      onResponderGrant={[Function]}
      onResponderMove={[Function]}
      onResponderRelease={[Function]}
      onResponderTerminate={[Function]}
      onResponderTerminationRequest={[Function]}
      onStartShouldSetResponder={[Function]}
      style={
        Array [
          Object {
            "backgroundColor": "transparent",
          },
          Array [
            false,
            false,
            false,
            Object {
              "alignItems": "center",
              "backgroundColor": "transparent",
              "justifyContent": "center",
            },
            Object {
              "height": 50,
              "left": 0,
              "position": "absolute",
              "top": 0,
              "width": 50,
              "zIndex": 1,
            },
          ],
        ]
      }
      testID={undefined}
      tvParallaxProperties={undefined}
    >
      <Text
        accessible={true}
        allowFontScaling={false}
        ellipsizeMode="tail"
        style={
          Array [
            Object {
              "color": "black",
              "fontSize": 35,
            },
            Array [
              Object {
                "backgroundColor": "transparent",
              },
              Object {
                "color": "rgb(101,114,122)",
              },
            ],
            Object {
              "fontFamily": "Material Icons",
              "fontStyle": "normal",
              "fontWeight": "normal",
            },
          ]
        }
      >
        î—„
      </Text>
    </View>
    <Text
      accessible={true}
      allowFontScaling={true}
      ellipsizeMode="tail"
      style={
        Array [
          Object {
            "color": "rgb(101,114,122)",
            "fontSize": 20,
            "fontWeight": "bold",
            "textAlign": "center",
          },
          undefined,
        ]
      }
    >
      Add Marker
    </Text>
  </View>
  <View
    style={
      Object {
        "backgroundColor": "rgb(243,244,229)",
        "flex": 1,
      }
    }
  >
    <View
      style={
        Object {
          "height": "50%",
          "width": "100%",
        }
      }
    >
      <MapView
        initialRegion={
          Object {
            "latitude": 60.184356,
            "latitudeDelta": 0.1,
            "longitude": 24.949326,
            "longitudeDelta": 0.1,
          }
        }
        onRegionChange={[Function]}
        style={
          Object {
            "bottom": 0,
            "left": 0,
            "position": "absolute",
            "right": 0,
            "top": 0,
          }
        }
      >
        <Marker
          coordinate={
            Object {
              "latitude": 60.184356,
              "longitude": 24.949326,
            }
          }
        />
      </MapView>
    </View>
    <RCTScrollView>
      <View>
        <View
          style={undefined}
        >
          <View>
            <View
              style={
                Array [
                  Object {},
                  undefined,
                ]
              }
            >
              <Text
                accessible={true}
                allowFontScaling={true}
                ellipsizeMode="tail"
                style={
                  Array [
                    Object {},
                    undefined,
                    undefined,
                    undefined,
                    undefined,
                    undefined,
                    undefined,
                    undefined,
                    undefined,
                    undefined,
                    Array [
                      Object {
                        "color": "#86939e",
                        "fontSize": 15,
                        "fontWeight": "bold",
                        "marginBottom": 1,
                        "marginLeft": 20,
                        "marginRight": 20,
                        "marginTop": 15,
                      },
                      Object {
                        "color": "rgb(101,114,122)",
                        "fontSize": 20,
                      },
                      undefined,
                    ],
                  ]
                }
              >
                Title
              </Text>
            </View>
            <View
              style={
                Array [
                  Object {
                    "borderBottomColor": "#bdc6cf",
                    "borderBottomWidth": 1,
                    "marginLeft": 20,
                    "marginRight": 20,
                  },
                  Object {
                    "backgroundColor": "rgb(226,227,217)",
                    "margin": 10,
                  },
                ]
              }
            >
              <TextInput
                autoCorrect={false}
                onChangeText={[Function]}
                placeholder={undefined}
                secureTextEntry={undefined}
                selectionColor="#86939e"
                style={
                  Array [
                    Object {
                      "color": "#86939e",
                      "fontSize": 17.5,
                      "height": 36,
                      "width": 750,
                    },
                    Object {
                      "color": "rgb(89,85,78)",
                      "fontSize": 18,
                    },
                  ]
                }
                underlineColorAndroid="transparent"
                value={undefined}
              />
            </View>
          </View>
          <View>
            <View
              style={
                Array [
                  Object {},
                  undefined,
                ]
              }
            >
              <Text
                accessible={true}
                allowFontScaling={true}
                ellipsizeMode="tail"
                style={
                  Array [
                    Object {},
                    undefined,
                    undefined,
                    undefined,
                    undefined,
                    undefined,
                    undefined,
                    undefined,
                    undefined,
                    undefined,
                    Array [
                      Object {
                        "color": "#86939e",
                        "fontSize": 15,
                        "fontWeight": "bold",
                        "marginBottom": 1,
                        "marginLeft": 20,
                        "marginRight": 20,
                        "marginTop": 15,
                      },
                      Object {
                        "color": "rgb(101,114,122)",
                        "fontSize": 20,
                      },
                      undefined,
                    ],
                  ]
                }
              >
                Text
              </Text>
            </View>
            <View
              style={
                Array [
                  Object {
                    "borderBottomColor": "#bdc6cf",
                    "borderBottomWidth": 1,
                    "marginLeft": 20,
                    "marginRight": 20,
                  },
                  Array [
                    Object {
                      "backgroundColor": "rgb(226,227,217)",
                      "margin": 10,
                    },
                  ],
                ]
              }
            >
              <TextInput
                autoCorrect={undefined}
                multiline={true}
                onChange={[Function]}
                onChangeText={[Function]}
                placeholder={undefined}
                secureTextEntry={undefined}
                selectionColor="#86939e"
                style={
                  Array [
                    Object {
                      "color": "#86939e",
                      "fontSize": 17.5,
                      "height": 36,
                      "width": 750,
                    },
                    Array [
                      Object {
                        "color": "rgb(89,85,78)",
                        "fontSize": 18,
                      },
                      Object {
                        "height": 45,
                      },
                    ],
                  ]
                }
                underlineColorAndroid="transparent"
                value={undefined}
              />
            </View>
          </View>
          <Text
            accessible={true}
            allowFontScaling={true}
            ellipsizeMode="tail"
            style={
              Array [
                Object {
                  "color": "rgb(101,114,122)",
                  "fontSize": 20,
                  "fontWeight": "bold",
                  "textAlign": "center",
                },
                undefined,
              ]
            }
          >
            
          </Text>
          <View
            accessibilityComponentType={undefined}
            accessibilityLabel={undefined}
            accessibilityTraits={undefined}
            accessible={true}
            hitSlop={undefined}
            isTVSelectable={true}
            onLayout={undefined}
            onResponderGrant={[Function]}
            onResponderMove={[Function]}
            onResponderRelease={[Function]}
            onResponderTerminate={[Function]}
            onResponderTerminationRequest={[Function]}
            onStartShouldSetResponder={[Function]}
            style={
              Object {
                "alignSelf": "stretch",
                "backgroundColor": "rgb(230,232,227)",
                "borderColor": "rgb(101,114,122)",
                "borderRadius": 5,
                "borderWidth": 1,
                "height": 40,
                "marginLeft": 5,
                "marginRight": 5,
                "marginTop": 5,
                "opacity": 1,
              }
            }
            testID={undefined}
            tvParallaxProperties={undefined}
          >
            <Text
              accessible={true}
              allowFontScaling={true}
              ellipsizeMode="tail"
              style={
                Object {
                  "alignSelf": "center",
                  "color": "rgb(101,114,122)",
                  "fontSize": 16,
                  "fontWeight": "600",
                  "paddingBottom": 10,
                  "paddingTop": 10,
                }
              }
            >
              Add image...
            </Text>
          </View>
          <RCTScrollView
            dataSource={
              ListViewDataSource {
                "items": 2,
              }
            }
            renderRow={[Function]}
            renderScrollComponent={[Function]}
            style={undefined}
          >
            <View>
              <View
                accessibilityComponentType={undefined}
                accessibilityLabel={undefined}
                accessibilityTraits={undefined}
                accessible={true}
                hitSlop={undefined}
                isTVSelectable={true}
                onLayout={undefined}
                onResponderGrant={[Function]}
                onResponderMove={[Function]}
                onResponderRelease={[Function]}
                onResponderTerminate={[Function]}
                onResponderTerminationRequest={[Function]}
                onStartShouldSetResponder={[Function]}
                style={
                  Object {
                    "backgroundColor": "rgb(226,227,217)",
                    "borderColor": "#ededed",
                    "borderRadius": 3,
                    "borderWidth": 1,
                    "margin": 5,
                    "marginLeft": 10,
                    "marginRight": 10,
                    "opacity": 1,
                    "padding": 10,
                  }
                }
                testID={undefined}
                tvParallaxProperties={undefined}
              >
                <View
                  style={
                    Array [
                      Object {
                        "alignItems": "center",
                        "flexDirection": "row",
                      },
                      false,
                      false,
                    ]
                  }
                >
                  <Text
                    accessible={true}
                    allowFontScaling={false}
                    ellipsizeMode="tail"
                    onLongPress={undefined}
                    onPress={undefined}
                    style={
                      Array [
                        Object {
                          "color": "#bfbfbf",
                          "fontSize": 24,
                        },
                        undefined,
                        Object {
                          "fontFamily": "FontAwesome",
                          "fontStyle": "normal",
                          "fontWeight": "normal",
                        },
                      ]
                    }
                  >
                    ï‚–
                  </Text>
                  <Text
                    accessible={true}
                    allowFontScaling={true}
                    ellipsizeMode="tail"
                    style={
                      Array [
                        Object {},
                        undefined,
                        undefined,
                        undefined,
                        undefined,
                        undefined,
                        undefined,
                        undefined,
                        undefined,
                        undefined,
                        Array [
                          Object {
                            "color": "#43484d",
                            "fontWeight": "bold",
                            "marginLeft": 10,
                            "marginRight": 10,
                          },
                          Array [
                            Object {
                              "color": "rgb(89,85,78)",
                            },
                            undefined,
                          ],
                          undefined,
                        ],
                      ]
                    }
                  >
                    Has violent content
                  </Text>
                </View>
              </View>
              <View
                accessibilityComponentType={undefined}
                accessibilityLabel={undefined}
                accessibilityTraits={undefined}
                accessible={true}
                hitSlop={undefined}
                isTVSelectable={true}
                onLayout={undefined}
                onResponderGrant={[Function]}
                onResponderMove={[Function]}
                onResponderRelease={[Function]}
                onResponderTerminate={[Function]}
                onResponderTerminationRequest={[Function]}
                onStartShouldSetResponder={[Function]}
                style={
                  Object {
                    "backgroundColor": "rgb(226,227,217)",
                    "borderColor": "#ededed",
                    "borderRadius": 3,
                    "borderWidth": 1,
                    "margin": 5,
                    "marginLeft": 10,
                    "marginRight": 10,
                    "opacity": 1,
                    "padding": 10,
                  }
                }
                testID={undefined}
                tvParallaxProperties={undefined}
              >
                <View
                  style={
                    Array [
                      Object {
                        "alignItems": "center",
                        "flexDirection": "row",
                      },
                      false,
                      false,
                    ]
                  }
                >
                  <Text
                    accessible={true}
                    allowFontScaling={false}
                    ellipsizeMode="tail"
                    onLongPress={undefined}
                    onPress={undefined}
                    style={
                      Array [
                        Object {
                          "color": "#bfbfbf",
                          "fontSize": 24,
                        },
                        undefined,
                        Object {
                          "fontFamily": "FontAwesome",
                          "fontStyle": "normal",
                          "fontWeight": "normal",
                        },
                      ]
                    }
                  >
                    ï‚–
                  </Text>
                  <Text
                    accessible={true}
                    allowFontScaling={true}
                    ellipsizeMode="tail"
                    style={
                      Array [
                        Object {},
                        undefined,
                        undefined,
                        undefined,
                        undefined,
                        undefined,
                        undefined,
                        undefined,
                        undefined,
                        undefined,
                        Array [
                          Object {
                            "color": "#43484d",
                            "fontWeight": "bold",
                            "marginLeft": 10,
                            "marginRight": 10,
                          },
                          Array [
                            Object {
                              "color": "rgb(89,85,78)",
                            },
                            undefined,
                          ],
                          undefined,
                        ],
                      ]
                    }
                  >
                    Has non-accessible content
                  </Text>
                </View>
              </View>
            </View>
          </RCTScrollView>
        </View>
        <View
          style={
            Object {
              "marginBottom": 20,
              "marginTop": 10,
            }
          }
        >
          <View
            accessibilityComponentType={undefined}
            accessibilityLabel={undefined}
            accessibilityTraits={undefined}
            accessible={true}
            hitSlop={undefined}
            isTVSelectable={true}
            onLayout={undefined}
            onResponderGrant={[Function]}
            onResponderMove={[Function]}
            onResponderRelease={[Function]}
            onResponderTerminate={[Function]}
            onResponderTerminationRequest={[Function]}
            onStartShouldSetResponder={[Function]}
            style={
              Object {
                "alignSelf": "stretch",
                "backgroundColor": "rgb(230,232,227)",
                "borderColor": "rgb(101,114,122)",
                "borderRadius": 5,
                "borderWidth": 1,
                "height": 40,
                "marginLeft": 5,
                "marginRight": 5,
                "marginTop": 5,
                "opacity": 1,
              }
            }
            testID={undefined}
            tvParallaxProperties={undefined}
          >
            <Text
              accessible={true}
              allowFontScaling={true}
              ellipsizeMode="tail"
              style={
                Object {
                  "alignSelf": "center",
                  "color": "rgb(101,114,122)",
                  "fontSize": 16,
                  "fontWeight": "600",
                  "paddingBottom": 10,
                  "paddingTop": 10,
                }
              }
            >
              Add marker
            </Text>
          </View>
        </View>
      </View>
    </RCTScrollView>
  </View>
</View>
`;
