// Jest Snapshot v1, https://goo.gl/fbAQLP

exports[`MarkerCard renders correctly 1`] = `
<View
  accessibilityComponentType={undefined}
  accessibilityLabel={undefined}
  accessibilityTraits={undefined}
  accessible={true}
  hitSlop={undefined}
  onLayout={undefined}
  onResponderGrant={[Function]}
  onResponderMove={[Function]}
  onResponderRelease={[Function]}
  onResponderTerminate={[Function]}
  onResponderTerminationRequest={[Function]}
  onStartShouldSetResponder={[Function]}
  style={
    Array [
      Object {
        "backgroundColor": "rgb(226,227,217)",
        "borderBottomWidth": 0,
        "borderColor": "#ddd",
        "borderRadius": 2,
        "borderWidth": 1,
        "elevation": 1,
        "marginLeft": 5,
        "marginTop": 10,
        "shadowColor": "#000",
        "shadowOffset": Object {
          "height": 2,
          "width": 0,
        },
        "shadowOpacity": 0.1,
        "shadowRadius": 2,
      },
      Array [
        Object {
          "height": 200,
        },
        Object {
          "width": 100,
        },
      ],
    ]
  }
  testID={undefined}
>
  <View
    style={
      Array [
        Object {
          "borderBottomWidth": 1,
          "borderColor": "rgb(112,112,112)",
          "flexDirection": "row",
          "justifyContent": "flex-start",
          "padding": 5,
          "position": "relative",
        },
        Object {
          "alignItems": "center",
          "justifyContent": "center",
          "overflow": "scroll",
          "width": "100%",
        },
      ]
    }
  >
    <Text
      accessible={true}
      allowFontScaling={true}
      ellipsizeMode="tail"
      style={
        Array [
          Object {
            "color": "rgb(101,114,122)",
            "fontSize": 20,
            "fontWeight": "bold",
            "textAlign": "center",
          },
          Object {
            "marginTop": 10,
          },
        ]
      }
    >
      
    </Text>
  </View>
  <Text
    accessible={true}
    allowFontScaling={true}
    ellipsizeMode="tail"
    style={
      Array [
        Object {
          "color": "rgb(89,85,78)",
          "fontSize": 18,
          "margin": 10,
        },
        undefined,
      ]
    }
  >
    
  </Text>
</View>
`;
