// Jest Snapshot v1, https://goo.gl/fbAQLP

exports[`MarkerView renders correctly 1`] = `
<Modal
  accessibilityComponentType={undefined}
  accessibilityLabel={undefined}
  accessibilityTraits={undefined}
  accessible={true}
  animationType="fade"
  hardwareAccelerated={false}
  hitSlop={undefined}
  onLayout={undefined}
  onRequestClose={undefined}
  onResponderGrant={[Function]}
  onResponderMove={[Function]}
  onResponderRelease={[Function]}
  onResponderTerminate={[Function]}
  onResponderTerminationRequest={[Function]}
  onStartShouldSetResponder={[Function]}
  style={undefined}
  testID={undefined}
  transparent={true}
  visible={true}
>
  <View
    style={
      Object {
        "alignItems": "center",
        "backgroundColor": "rgb(243,244,229)",
        "borderRadius": 20,
        "flex": 1,
        "justifyContent": "center",
        "margin": 20,
      }
    }
  >
    <View
      style={
        Object {
          "alignItems": "center",
          "margin": 10,
        }
      }
    >
      <Text
        accessible={true}
        allowFontScaling={true}
        ellipsizeMode="tail"
        style={
          Object {
            "color": "rgb(101,114,122)",
            "fontSize": 22,
            "fontWeight": "bold",
          }
        }
      >
        test
      </Text>
      <Text
        accessible={true}
        allowFontScaling={true}
        ellipsizeMode="tail"
        style={
          Array [
            Object {
              "color": "rgb(89,85,78)",
              "fontSize": 18,
              "margin": 10,
            },
            undefined,
          ]
        }
      >
        text
      </Text>
    </View>
  </View>
</Modal>
`;
